service\MatchSimulator.class
ui\EditTeamsView.class
ui\LoadCareerView.class
ui\TeamRow.class
com\example\bettingonfixturesmaven\HelloController.class
league\MatchDay.class
app\Launcher.class
ui\LegendView$LegendRow.class
league\LeagueTableRow.class
model\Team.class
service\OddsCalculator.class
com\example\bettingonfixturesmaven\Launcher.class
model\MatchResult.class
app\MainApp.class
model\GameDifficulty.class
model\SeasonTableRowSnapshot.class
persistence\CareerSave.class
model\FinancialSituation.class
game\GameState.class
model\AchievementId.class
audio\SoundPlayer.class
ui\CreateProfileView$Result.class
ui\LoadCareerView$SaveEntry.class
service\Odds.class
ui\CreateProfileView.class
audio\MusicPlayer.class
ui\LegendView.class
league\League.class
i18n\I18n.class
model\IncomePlan.class
ui\OptionsView$Result.class
model\SeasonBonusChoice.class
ui\OptionsView.class
game\AchievementsState.class
service\ScheduleGenerator.class
model\SeasonSnapshot.class
game\GameState$SeasonRecord.class
ui\LanguageSelectView.class
ui\GameView$RowWithPos.class
game\GameState$SeasonStanding.class
persistence\TeamRepository.class
league\Schedule.class
ui\CreditsView.class
game\GameState$1.class
com\example\bettingonfixturesmaven\HelloApplication.class
model\Bet.class
ui\GameView$1.class
model\Fixture.class
persistence\SaveManager.class
game\GameState$SeasonBonusChoice.class
model\Outcome.class
ui\AchievementsView$1.class
ui\MainMenuView.class
ui\EditingIntCell.class
ui\LoadCareerView$1.class
ui\AchievementsView.class
ui\GameView.class
ui\TeamStatsPane.class
