D:\Programming\Java\Betting On Fixtures\Betting On Fixtures Maven\src\main\java\app\Launcher.java
D:\Programming\Java\Betting On Fixtures\Betting On Fixtures Maven\src\main\java\app\MainApp.java
D:\Programming\Java\Betting On Fixtures\Betting On Fixtures Maven\src\main\java\audio\MusicPlayer.java
D:\Programming\Java\Betting On Fixtures\Betting On Fixtures Maven\src\main\java\audio\SoundPlayer.java
D:\Programming\Java\Betting On Fixtures\Betting On Fixtures Maven\src\main\java\com\example\bettingonfixturesmaven\HelloApplication.java
D:\Programming\Java\Betting On Fixtures\Betting On Fixtures Maven\src\main\java\com\example\bettingonfixturesmaven\HelloController.java
D:\Programming\Java\Betting On Fixtures\Betting On Fixtures Maven\src\main\java\com\example\bettingonfixturesmaven\Launcher.java
D:\Programming\Java\Betting On Fixtures\Betting On Fixtures Maven\src\main\java\game\AchievementsState.java
D:\Programming\Java\Betting On Fixtures\Betting On Fixtures Maven\src\main\java\game\GameState.java
D:\Programming\Java\Betting On Fixtures\Betting On Fixtures Maven\src\main\java\i18n\I18n.java
D:\Programming\Java\Betting On Fixtures\Betting On Fixtures Maven\src\main\java\league\League.java
D:\Programming\Java\Betting On Fixtures\Betting On Fixtures Maven\src\main\java\league\LeagueTableRow.java
D:\Programming\Java\Betting On Fixtures\Betting On Fixtures Maven\src\main\java\league\MatchDay.java
D:\Programming\Java\Betting On Fixtures\Betting On Fixtures Maven\src\main\java\league\Schedule.java
D:\Programming\Java\Betting On Fixtures\Betting On Fixtures Maven\src\main\java\model\AchievementId.java
D:\Programming\Java\Betting On Fixtures\Betting On Fixtures Maven\src\main\java\model\Bet.java
D:\Programming\Java\Betting On Fixtures\Betting On Fixtures Maven\src\main\java\model\FinancialSituation.java
D:\Programming\Java\Betting On Fixtures\Betting On Fixtures Maven\src\main\java\model\Fixture.java
D:\Programming\Java\Betting On Fixtures\Betting On Fixtures Maven\src\main\java\model\GameDifficulty.java
D:\Programming\Java\Betting On Fixtures\Betting On Fixtures Maven\src\main\java\model\IncomePlan.java
D:\Programming\Java\Betting On Fixtures\Betting On Fixtures Maven\src\main\java\model\MatchResult.java
D:\Programming\Java\Betting On Fixtures\Betting On Fixtures Maven\src\main\java\model\Outcome.java
D:\Programming\Java\Betting On Fixtures\Betting On Fixtures Maven\src\main\java\model\SeasonBonusChoice.java
D:\Programming\Java\Betting On Fixtures\Betting On Fixtures Maven\src\main\java\model\SeasonSnapshot.java
D:\Programming\Java\Betting On Fixtures\Betting On Fixtures Maven\src\main\java\model\SeasonTableRowSnapshot.java
D:\Programming\Java\Betting On Fixtures\Betting On Fixtures Maven\src\main\java\model\Team.java
D:\Programming\Java\Betting On Fixtures\Betting On Fixtures Maven\src\main\java\persistence\CareerSave.java
D:\Programming\Java\Betting On Fixtures\Betting On Fixtures Maven\src\main\java\persistence\SaveManager.java
D:\Programming\Java\Betting On Fixtures\Betting On Fixtures Maven\src\main\java\persistence\TeamRepository.java
D:\Programming\Java\Betting On Fixtures\Betting On Fixtures Maven\src\main\java\service\MatchSimulator.java
D:\Programming\Java\Betting On Fixtures\Betting On Fixtures Maven\src\main\java\service\Odds.java
D:\Programming\Java\Betting On Fixtures\Betting On Fixtures Maven\src\main\java\service\OddsCalculator.java
D:\Programming\Java\Betting On Fixtures\Betting On Fixtures Maven\src\main\java\service\ScheduleGenerator.java
D:\Programming\Java\Betting On Fixtures\Betting On Fixtures Maven\src\main\java\ui\AchievementsView.java
D:\Programming\Java\Betting On Fixtures\Betting On Fixtures Maven\src\main\java\ui\CreateProfileView.java
D:\Programming\Java\Betting On Fixtures\Betting On Fixtures Maven\src\main\java\ui\CreditsView.java
D:\Programming\Java\Betting On Fixtures\Betting On Fixtures Maven\src\main\java\ui\EditingIntCell.java
D:\Programming\Java\Betting On Fixtures\Betting On Fixtures Maven\src\main\java\ui\EditTeamsView.java
D:\Programming\Java\Betting On Fixtures\Betting On Fixtures Maven\src\main\java\ui\GameView.java
D:\Programming\Java\Betting On Fixtures\Betting On Fixtures Maven\src\main\java\ui\LanguageSelectView.java
D:\Programming\Java\Betting On Fixtures\Betting On Fixtures Maven\src\main\java\ui\LegendView.java
D:\Programming\Java\Betting On Fixtures\Betting On Fixtures Maven\src\main\java\ui\LoadCareerView.java
D:\Programming\Java\Betting On Fixtures\Betting On Fixtures Maven\src\main\java\ui\MainMenuView.java
D:\Programming\Java\Betting On Fixtures\Betting On Fixtures Maven\src\main\java\ui\OptionsView.java
D:\Programming\Java\Betting On Fixtures\Betting On Fixtures Maven\src\main\java\ui\TeamRow.java
D:\Programming\Java\Betting On Fixtures\Betting On Fixtures Maven\src\main\java\ui\TeamStatsPane.java
